// Jest Snapshot v1, https://goo.gl/fbAQLP

exports[`SearchInput NumericRangeFilter should render correctly 1`] = `
<Fragment>
  <WithStyles(ForwardRef(FormControl))
    classes={
      Object {
        "root": "makeStyles-input-1 makeStyles-soloInput-2 makeStyles-search-10 undefined undefined",
      }
    }
    style={
      Object {
        "width": undefined,
      }
    }
    variant="outlined"
  >
    <WithStyles(ForwardRef(Autocomplete))
      blurOnSelect={true}
      freeSolo={true}
      getOptionLabel={[Function]}
      getOptionSelected={[Function]}
      inputValue=""
      limitTags={1}
      onChange={[Function]}
      onInputChange={[Function]}
      openOnFocus={true}
      options={
        Array [
          "A",
          "B",
          "C",
          "D",
          "E",
        ]
      }
      renderInput={[Function]}
      size="small"
      value=""
    />
  </WithStyles(ForwardRef(FormControl))>
</Fragment>
`;
