// Jest Snapshot v1, https://goo.gl/fbAQLP

exports[`CustomSelect MultiSelectFilter should render correctly 1`] = `
<div
  className="makeStyles-wrap-26"
>
  <WithStyles(ForwardRef(FormControl))
    classes={
      Object {
        "root": "makeStyles-input-1 makeStyles-FormLabel-20 undefined undefined undefined",
      }
    }
    style={
      Object {
        "width": "230px",
      }
    }
    variant="outlined"
  >
    <WithStyles(ForwardRef(InputLabel))
      classes={
        Object {
          "outlined": "makeStyles-InputLabelOutlined-18",
          "shrink": "makeStyles-InputLabelShrink-19",
        }
      }
    >
      test
    </WithStyles(ForwardRef(InputLabel))>
    <WithStyles(ForwardRef(Select))
      MenuProps={
        Object {
          "className": "makeStyles-Paper-14",
        }
      }
      classes={
        Object {
          "icon": "makeStyles-customSelectIcon-12",
          "outlined": "makeStyles-customSelectOutlined-13",
        }
      }
      inputProps={
        Object {
          "className": "selectInput",
          "id": undefined,
          "name": undefined,
        }
      }
      multiple={true}
      onChange={[Function]}
      renderValue={[Function]}
      value={Array []}
    >
      <WithStyles(ForwardRef(MenuItem))
        className="makeStyles-ListItemBtn-15"
        key="A"
        value="A"
      >
        A
      </WithStyles(ForwardRef(MenuItem))>
      <WithStyles(ForwardRef(MenuItem))
        className="makeStyles-ListItemBtn-15"
        key="B"
        value="B"
      >
        B
      </WithStyles(ForwardRef(MenuItem))>
      <WithStyles(ForwardRef(MenuItem))
        className="makeStyles-ListItemBtn-15"
        key="C"
        value="C"
      >
        C
      </WithStyles(ForwardRef(MenuItem))>
      <WithStyles(ForwardRef(MenuItem))
        className="makeStyles-ListItemBtn-15"
        key="D"
        value="D"
      >
        D
      </WithStyles(ForwardRef(MenuItem))>
      <WithStyles(ForwardRef(MenuItem))
        className="makeStyles-ListItemBtn-15"
        key="E"
        value="E"
      >
        E
      </WithStyles(ForwardRef(MenuItem))>
    </WithStyles(ForwardRef(Select))>
  </WithStyles(ForwardRef(FormControl))>
</div>
`;
